
Discarded input sections

 .group         0x0000000000000000        0xc build/npu_firmware.o
 .group         0x0000000000000000        0xc build/npu_firmware.o
 .group         0x0000000000000000        0xc build/npu_firmware.o
 .comment       0x0000000000000000       0x10 build/npu_firmware.o
 .data_dram     0x0000000000000000    0x40000 build/test_data.o

Memory Configuration

Name             Origin             Length             Attributes
ROM              0x0000000000010000 0x0000000000010000 xr
IBEX_DMEM        0x0000000000020000 0x0000000000010000 rw
*default*        0x0000000000000000 0xffffffffffffffff

Linker script and memory map

LOAD build/startup.o
LOAD build/npu_firmware.o
LOAD build/test_data.o
                0x0000000000004000                STACK_SIZE = 0x4000

.text           0x0000000000010000      0xb7c
 *(.text.startup)
 .text.startup  0x0000000000010000       0x84 build/startup.o
                0x0000000000010000                _start
 *(.text .text.*)
 .text          0x0000000000010084        0x0 build/startup.o
 .text.trap     0x0000000000010084       0x10 build/startup.o
 .text          0x0000000000010094      0xae8 build/npu_firmware.o
                0x0000000000010270                firmware_main
                0x0000000000010b40                trap_handler
 .text          0x0000000000010b7c        0x0 build/test_data.o
 *(.text.trap)

.rela.dyn       0x0000000000010b7c        0x0
 .rela.text.startup
                0x0000000000010b7c        0x0 build/startup.o

.rodata
 *(.rodata .rodata.*)

.data           0x0000000000020000        0x0 load address 0x0000000000010b7c
                0x0000000000020000                _data_start = .
 *(.data .data.*)
 .data          0x0000000000020000        0x0 build/startup.o
 .data          0x0000000000020000        0x0 build/npu_firmware.o
 .data          0x0000000000020000        0x0 build/test_data.o
 *(.sdata .sdata.*)
                0x0000000000020000                . = ALIGN (0x4)
                0x0000000000020000                _data_end = .
                0x0000000000010b7c                _data_lma = LOADADDR (.data)

.bss            0x0000000000020000        0x4 load address 0x0000000000010b7c
                0x0000000000020000                __bss_start = .
 *(.bss .bss.*)
 .bss           0x0000000000020000        0x0 build/startup.o
 .bss           0x0000000000020000        0x0 build/npu_firmware.o
 .bss           0x0000000000020000        0x0 build/test_data.o
 *(.sbss .sbss.*)
 .sbss          0x0000000000020000        0x4 build/npu_firmware.o
                0x0000000000020004                . = ALIGN (0x4)
                0x0000000000020004                __bss_end = .
                0x0000000000020010                . = ALIGN (0x10)
                0x0000000000024010                . = (. + STACK_SIZE)
                0x0000000000024010                _stack_top = .

/DISCARD/
 *(.data_dram)
 *(.comment)
 *(.note)
 *(.eh_frame)
OUTPUT(build/npu_firmware_spike.elf elf32-littleriscv)

.riscv.attributes
                0x0000000000000000       0x25
 .riscv.attributes
                0x0000000000000000       0x23 build/startup.o
 .riscv.attributes
                0x0000000000000023       0x25 build/npu_firmware.o
 .riscv.attributes
                0x0000000000000048       0x1f build/test_data.o

.debug_line     0x0000000000000000     0x1ae9
 .debug_line    0x0000000000000000       0xe6 build/startup.o
 .debug_line    0x00000000000000e6     0x1a03 build/npu_firmware.o

.debug_info     0x0000000000000000     0x1dbe
 .debug_info    0x0000000000000000       0x22 build/startup.o
 .debug_info    0x0000000000000022     0x1d9c build/npu_firmware.o

.debug_abbrev   0x0000000000000000      0x38c
 .debug_abbrev  0x0000000000000000       0x12 build/startup.o
 .debug_abbrev  0x0000000000000012      0x37a build/npu_firmware.o

.debug_aranges  0x0000000000000000       0x48
 .debug_aranges
                0x0000000000000000       0x28 build/startup.o
 .debug_aranges
                0x0000000000000028       0x20 build/npu_firmware.o

.debug_str      0x0000000000000000     0x3b6b
 .debug_str     0x0000000000000000       0x4c build/startup.o
 .debug_str     0x000000000000004c     0x3b1f build/npu_firmware.o
                                       0x3d01 (size before relaxing)

.debug_ranges   0x0000000000000000      0x3f8
 .debug_ranges  0x0000000000000000       0x20 build/startup.o
 .debug_ranges  0x0000000000000020      0x3d8 build/npu_firmware.o

.debug_loc      0x0000000000000000      0xed6
 .debug_loc     0x0000000000000000      0xed6 build/npu_firmware.o

.debug_macro    0x0000000000000000      0xc5d
 .debug_macro   0x0000000000000000       0x9e build/npu_firmware.o
 .debug_macro   0x000000000000009e      0x6ee build/npu_firmware.o
 .debug_macro   0x000000000000078c      0x34e build/npu_firmware.o
 .debug_macro   0x0000000000000ada      0x183 build/npu_firmware.o

.debug_frame    0x0000000000000000       0xb8
 .debug_frame   0x0000000000000000       0xb8 build/npu_firmware.o
