
Discarded input sections

 .group         0x0000000000000000        0xc build/npu_firmware.o
 .group         0x0000000000000000        0xc build/npu_firmware.o
 .group         0x0000000000000000        0xc build/npu_firmware.o
 .comment       0x0000000000000000       0x10 build/npu_firmware.o

Memory Configuration

Name             Origin             Length             Attributes
SRAM             0x0000000080000000 0x0000000000040000 xrw
DDR              0x0000000080100000 0x0000000000040000 rw
*default*        0x0000000000000000 0xffffffffffffffff

Linker script and memory map

LOAD build/startup.o
LOAD build/npu_firmware.o
                0x0000000000004000                STACK_SIZE = 0x4000

.text           0x0000000080000000      0x2f8
 *(.text.startup)
 .text.startup  0x0000000080000000       0x48 build/startup.o
                0x0000000080000000                _start
 *(.text .text.*)
 .text          0x0000000080000048        0x0 build/startup.o
 .text.trap     0x0000000080000048       0x10 build/startup.o
 .text          0x0000000080000058      0x2a0 build/npu_firmware.o
                0x0000000080000058                firmware_main
                0x00000000800002bc                trap_handler
 *(.text.trap)

.rela.dyn       0x00000000800002f8        0x0
 .rela.text.startup
                0x00000000800002f8        0x0 build/startup.o

.rodata
 *(.rodata .rodata.*)

.data           0x0000000080000300        0x0
 *(.data .data.*)
 .data          0x0000000080000300        0x0 build/startup.o
 .data          0x0000000080000300        0x0 build/npu_firmware.o
 *(.sdata .sdata.*)

.bss            0x0000000080000300        0x4
                0x0000000080000300                __bss_start = .
 *(.bss .bss.*)
 .bss           0x0000000080000300        0x0 build/startup.o
 .bss           0x0000000080000300        0x0 build/npu_firmware.o
 *(.sbss .sbss.*)
 .sbss          0x0000000080000300        0x4 build/npu_firmware.o
                0x0000000080000304                . = ALIGN (0x4)
                0x0000000080000304                __bss_end = .
                0x0000000080000310                . = ALIGN (0x10)
                0x0000000080004310                . = (. + STACK_SIZE)
                0x0000000080004310                _stack_top = .

.data_dram
 *(.data_dram)

/DISCARD/
 *(.comment)
 *(.note)
 *(.eh_frame)
OUTPUT(build/npu_firmware.elf elf32-littleriscv)

.riscv.attributes
                0x0000000000000000       0x25
 .riscv.attributes
                0x0000000000000000       0x23 build/startup.o
 .riscv.attributes
                0x0000000000000023       0x25 build/npu_firmware.o

.debug_line     0x0000000000000000      0xb22
 .debug_line    0x0000000000000000       0xa4 build/startup.o
 .debug_line    0x00000000000000a4      0xa7e build/npu_firmware.o

.debug_info     0x0000000000000000      0xcda
 .debug_info    0x0000000000000000       0x22 build/startup.o
 .debug_info    0x0000000000000022      0xcb8 build/npu_firmware.o

.debug_abbrev   0x0000000000000000      0x265
 .debug_abbrev  0x0000000000000000       0x12 build/startup.o
 .debug_abbrev  0x0000000000000012      0x253 build/npu_firmware.o

.debug_aranges  0x0000000000000000       0x48
 .debug_aranges
                0x0000000000000000       0x28 build/startup.o
 .debug_aranges
                0x0000000000000028       0x20 build/npu_firmware.o

.debug_str      0x0000000000000000     0x336a
 .debug_str     0x0000000000000000       0x4c build/startup.o
 .debug_str     0x000000000000004c     0x331e build/npu_firmware.o
                                       0x34ea (size before relaxing)

.debug_ranges   0x0000000000000000      0x1a8
 .debug_ranges  0x0000000000000000       0x20 build/startup.o
 .debug_ranges  0x0000000000000020      0x188 build/npu_firmware.o

.debug_loc      0x0000000000000000      0x623
 .debug_loc     0x0000000000000000      0x623 build/npu_firmware.o

.debug_macro    0x0000000000000000      0xb58
 .debug_macro   0x0000000000000000       0x5d build/npu_firmware.o
 .debug_macro   0x000000000000005d      0x6ee build/npu_firmware.o
 .debug_macro   0x000000000000074b      0x34e build/npu_firmware.o
 .debug_macro   0x0000000000000a99       0xbf build/npu_firmware.o

.debug_frame    0x0000000000000000       0x60
 .debug_frame   0x0000000000000000       0x60 build/npu_firmware.o
